­ƒÜÇ Starte Server...
Ô£ô Upload-Verzeichnis bereit
Ô£ô SQLite DB: C:\Users\Messe\GitHub\spg-portal\data\portal.db
Ô£ô Datenbank initialisiert
Ô£ô Session Cleanup aktiv
Ô£ô Server l├ñuft auf Port 3000
Ô£ô Environment: development
Ô£ô Base URL: http://localhost:3000

­ƒÄë Portal bereit!


